[golden-castle.biz/account/index.html]
[golden-castle.biz/account/login.html]
[backblue.gif]
[fade.gif]
[index.html]
[golden-castle.biz/account/index.html]
[golden-castle.biz/account/assets/images/icons/favicon.ico]
[golden-castle.biz/account/assets/vendor/jquery/jquery-3.2.1.min.js]
[golden-castle.biz/account/images/city.jpg]
[golden-castle.biz/account/images/logo/logo_login.png]
[golden-castle.biz/account/sign_up.html]
[golden-castle.biz/account/assets/vendor/bootstrap/js/popper.js]
[golden-castle.biz/account/assets/vendor/bootstrap/js/bootstrap.min.js]
[golden-castle.biz/account/assets/vendor/select2/select2.min.js]
[golden-castle.biz/account/assets/js/main.js]
[golden-castle.biz/account/assets/js/particles.min.js]
[golden-castle.biz/account/assets/js/app.js]
[golden-castle.biz/account/assets/vendor/parsley/parsley.min.js]
[golden-castle.biz/account/assets/vendor/parsley/lang/ko.js]
[golden-castle.biz/account/login.html]
[golden-castle.biz/account/assets/images/icons/favicon.html]
[golden-castle.biz/account/assets/vendor/bootstrap/css/bootstrap.min.css]
[golden-castle.biz/account/assets/fonts/font-awesome-4.7.0/fonts/fontawesome-webfontd41d.eot]
[golden-castle.biz/account/assets/fonts/font-awesome-4.7.0/fonts/fontawesome-webfont3e6e.woff2]
[golden-castle.biz/account/assets/fonts/font-awesome-4.7.0/fonts/fontawesome-webfont3e6e.woff]
[golden-castle.biz/account/assets/fonts/font-awesome-4.7.0/fonts/fontawesome-webfont3e6e.ttf]
[golden-castle.biz/account/assets/fonts/font-awesome-4.7.0/css/font-awesome.min.css]
[golden-castle.biz/account/assets/fonts/Linearicons-Free-v1.0.0/icon-font.min.css]
[golden-castle.biz/account/assets/vendor/animate/animate.css]
[golden-castle.biz/account/assets/vendor/css-hamburgers/hamburgers.min.css]
[golden-castle.biz/account/assets/vendor/select2/select2.min.css]
[golden-castle.biz/account/assets/css/util.css]
[golden-castle.biz/account/assets/fonts/montserrat/Montserrat-Regular.ttf]
[golden-castle.biz/account/assets/fonts/montserrat/Montserrat-ExtraBold.ttf]
[golden-castle.biz/account/assets/fonts/montserrat/Montserrat-Bold.ttf]
[golden-castle.biz/account/assets/css/main.css]
[golden-castle.biz/account/assets/css/parsley.css]
[golden-castle.biz/account/sign_up.html]
[golden-castle.biz/account/assets/fonts/font-awesome-4.7.0/fonts/fontawesome-webfont3e6e.eot]
[golden-castle.biz/account/assets/fonts/font-awesome-4.7.0/fonts/fontawesome-webfont3e6e.svg]
